// Jest Snapshot v1, https://goo.gl/fbAQLP

exports[`matches snapshot with default props 1`] = `
<DocumentFragment>
  <div
    class="border border-solid rounded-md p-4 w-full undefined"
  >
    Snapshot Test Content
  </div>
</DocumentFragment>
`;
